LOG_EMERG LOG_AUTH
LOG_EMERG LOG_AUTHPRIV
LOG_EMERG LOG_CRON
LOG_EMERG LOG_DAEMON
LOG_EMERG LOG_FTP
