[Nov18 19:34] LOG_EMERG LOG_AUTH
[  +0.000000] LOG_EMERG LOG_AUTHPRIV
[  -0.166667] LOG_EMERG LOG_CRON
[  +0.666667] LOG_EMERG LOG_DAEMON
[Nov18 19:35] LOG_EMERG LOG_FTP
