[80000.000000] LOG_WARNING LOG_AUTH
[81000.000000] LOG_WARNING LOG_AUTHPRIV
[82000.000000] LOG_WARNING LOG_CRON
[83000.000000] LOG_WARNING LOG_DAEMON
[84000.000000] LOG_WARNING LOG_FTP
