2024-11-18T19:34:12,866807+07:00 LOG_EMERG LOG_AUTH
2024-11-18T19:34:13,366807+07:00 LOG_EMERG LOG_AUTHPRIV
2024-11-18T19:34:13,200140+07:00 LOG_EMERG LOG_CRON
2024-11-18T19:34:13,866807+07:00 LOG_EMERG LOG_DAEMON
2024-11-18T19:35:00,866807+07:00 LOG_EMERG LOG_FTP
