[    0.000000] LOG_EMERG LOG_AUTH
[    0.500000] LOG_EMERG LOG_AUTHPRIV
[    0.333333] LOG_EMERG LOG_CRON
[    1.000000] LOG_EMERG LOG_DAEMON
[   48.000000] LOG_EMERG LOG_FTP
