[Mon Nov 18 19:34:12 2024] LOG_EMERG LOG_AUTH
[Mon Nov 18 19:34:13 2024] LOG_EMERG LOG_AUTHPRIV
[Mon Nov 18 19:34:13 2024] LOG_EMERG LOG_CRON
[Mon Nov 18 19:34:13 2024] LOG_EMERG LOG_DAEMON
[Mon Nov 18 19:35:00 2024] LOG_EMERG LOG_FTP
